// Jest Snapshot v1, https://goo.gl/fbAQLP

exports[`<Password /> snapshot  renders correctly 1`] = `
<div>
  <input
    className="Input"
    name="password"
    placeholder="Password"
    type="password"
  />
  <div
    style={
      Object {
        "color": "darkred",
      }
    }
  />
</div>
`;
